Preflight passed
  base: /cpfs01/models/Macaron-V1-Venti
  adapter: /cpfs01/models/Macaron-V1-Venti/loras/L3
  output: /cpfs01/models/Macaron-V1-Venti-merged-L3
  base shards: 282
  touched/untouched shards: 279/3
  LoRA pairs: 58224
  LoRA scale: 2.0
  base size: 1.37 TiB
  base/adapter dtypes: ['BF16']/['BF16']
[1/282] merge model-00001-of-00282.safetensors: 15 tensors
[2/282] merge model-00002-of-00282.safetensors: 211 tensors
[3/282] merge model-00003-of-00282.safetensors: 213 tensors
[4/282] merge model-00004-of-00282.safetensors: 213 tensors
[5/282] merge model-00005-of-00282.safetensors: 204 tensors
[6/282] merge model-00006-of-00282.safetensors: 213 tensors
[7/282] merge model-00007-of-00282.safetensors: 213 tensors
[8/282] merge model-00008-of-00282.safetensors: 213 tensors
[9/282] merge model-00009-of-00282.safetensors: 205 tensors
[10/282] merge model-00010-of-00282.safetensors: 213 tensors
[11/282] merge model-00011-of-00282.safetensors: 213 tensors
[12/282] merge model-00012-of-00282.safetensors: 213 tensors
[13/282] merge model-00013-of-00282.safetensors: 205 tensors
[14/282] merge model-00014-of-00282.safetensors: 213 tensors
[15/282] merge model-00015-of-00282.safetensors: 213 tensors
[16/282] merge model-00016-of-00282.safetensors: 205 tensors
[17/282] merge model-00017-of-00282.safetensors: 213 tensors
[18/282] merge model-00018-of-00282.safetensors: 213 tensors
[19/282] merge model-00019-of-00282.safetensors: 213 tensors
[20/282] merge model-00020-of-00282.safetensors: 204 tensors
[21/282] merge model-00021-of-00282.safetensors: 213 tensors
[22/282] merge model-00022-of-00282.safetensors: 213 tensors
[23/282] merge model-00023-of-00282.safetensors: 213 tensors
[24/282] merge model-00024-of-00282.safetensors: 205 tensors
[25/282] merge model-00025-of-00282.safetensors: 213 tensors
[26/282] merge model-00026-of-00282.safetensors: 213 tensors
[27/282] merge model-00027-of-00282.safetensors: 205 tensors
[28/282] merge model-00028-of-00282.safetensors: 213 tensors
[29/282] merge model-00029-of-00282.safetensors: 213 tensors
[30/282] merge model-00030-of-00282.safetensors: 213 tensors
[31/282] merge model-00031-of-00282.safetensors: 205 tensors
[32/282] merge model-00032-of-00282.safetensors: 213 tensors
[33/282] merge model-00033-of-00282.safetensors: 213 tensors
[34/282] merge model-00034-of-00282.safetensors: 213 tensors
[35/282] merge model-00035-of-00282.safetensors: 204 tensors
[36/282] merge model-00036-of-00282.safetensors: 213 tensors
[37/282] merge model-00037-of-00282.safetensors: 213 tensors
[38/282] merge model-00038-of-00282.safetensors: 181 tensors
[39/282] merge model-00039-of-00282.safetensors: 213 tensors
[40/282] merge model-00040-of-00282.safetensors: 213 tensors
[41/282] merge model-00041-of-00282.safetensors: 213 tensors
[42/282] merge model-00042-of-00282.safetensors: 205 tensors
[43/282] merge model-00043-of-00282.safetensors: 213 tensors
[44/282] merge model-00044-of-00282.safetensors: 213 tensors
[45/282] merge model-00045-of-00282.safetensors: 213 tensors
[46/282] merge model-00046-of-00282.safetensors: 205 tensors
[47/282] merge model-00047-of-00282.safetensors: 213 tensors
[48/282] merge model-00048-of-00282.safetensors: 213 tensors
[49/282] merge model-00049-of-00282.safetensors: 208 tensors
[50/282] merge model-00050-of-00282.safetensors: 204 tensors
[51/282] merge model-00051-of-00282.safetensors: 213 tensors
[52/282] merge model-00052-of-00282.safetensors: 213 tensors
[53/282] merge model-00053-of-00282.safetensors: 205 tensors
[54/282] merge model-00054-of-00282.safetensors: 213 tensors
[55/282] merge model-00055-of-00282.safetensors: 213 tensors
[56/282] merge model-00056-of-00282.safetensors: 213 tensors
[57/282] merge model-00057-of-00282.safetensors: 205 tensors
[58/282] merge model-00058-of-00282.safetensors: 213 tensors
[59/282] merge model-00059-of-00282.safetensors: 213 tensors
[60/282] merge model-00060-of-00282.safetensors: 213 tensors
[61/282] merge model-00061-of-00282.safetensors: 205 tensors
[62/282] merge model-00062-of-00282.safetensors: 213 tensors
[63/282] merge model-00063-of-00282.safetensors: 213 tensors
[64/282] merge model-00064-of-00282.safetensors: 204 tensors
[65/282] merge model-00065-of-00282.safetensors: 213 tensors
[66/282] merge model-00066-of-00282.safetensors: 213 tensors
[67/282] merge model-00067-of-00282.safetensors: 213 tensors
[68/282] merge model-00068-of-00282.safetensors: 205 tensors
[69/282] merge model-00069-of-00282.safetensors: 213 tensors
[70/282] merge model-00070-of-00282.safetensors: 213 tensors
[71/282] merge model-00071-of-00282.safetensors: 213 tensors
[72/282] merge model-00072-of-00282.safetensors: 205 tensors
[73/282] merge model-00073-of-00282.safetensors: 213 tensors
[74/282] merge model-00074-of-00282.safetensors: 213 tensors
[75/282] merge model-00075-of-00282.safetensors: 205 tensors
[76/282] merge model-00076-of-00282.safetensors: 213 tensors
[77/282] merge model-00077-of-00282.safetensors: 213 tensors
[78/282] merge model-00078-of-00282.safetensors: 213 tensors
[79/282] merge model-00079-of-00282.safetensors: 205 tensors
[80/282] merge model-00080-of-00282.safetensors: 213 tensors
[81/282] merge model-00081-of-00282.safetensors: 213 tensors
[82/282] merge model-00082-of-00282.safetensors: 213 tensors
[83/282] merge model-00083-of-00282.safetensors: 204 tensors
[84/282] merge model-00084-of-00282.safetensors: 213 tensors
[85/282] merge model-00085-of-00282.safetensors: 213 tensors
[86/282] merge model-00086-of-00282.safetensors: 205 tensors
[87/282] merge model-00087-of-00282.safetensors: 213 tensors
[88/282] merge model-00088-of-00282.safetensors: 213 tensors
[89/282] merge model-00089-of-00282.safetensors: 213 tensors
[90/282] merge model-00090-of-00282.safetensors: 205 tensors
[91/282] merge model-00091-of-00282.safetensors: 213 tensors
[92/282] merge model-00092-of-00282.safetensors: 213 tensors
[93/282] merge model-00093-of-00282.safetensors: 213 tensors
[94/282] merge model-00094-of-00282.safetensors: 205 tensors
[95/282] merge model-00095-of-00282.safetensors: 213 tensors
[96/282] merge model-00096-of-00282.safetensors: 213 tensors
[97/282] merge model-00097-of-00282.safetensors: 204 tensors
[98/282] merge model-00098-of-00282.safetensors: 213 tensors
[99/282] merge model-00099-of-00282.safetensors: 213 tensors
[100/282] merge model-00100-of-00282.safetensors: 213 tensors
[101/282] merge model-00101-of-00282.safetensors: 205 tensors
[102/282] merge model-00102-of-00282.safetensors: 213 tensors
[103/282] merge model-00103-of-00282.safetensors: 213 tensors
[104/282] merge model-00104-of-00282.safetensors: 213 tensors
[105/282] merge model-00105-of-00282.safetensors: 205 tensors
[106/282] merge model-00106-of-00282.safetensors: 213 tensors
[107/282] merge model-00107-of-00282.safetensors: 213 tensors
[108/282] merge model-00108-of-00282.safetensors: 205 tensors
[109/282] merge model-00109-of-00282.safetensors: 213 tensors
[110/282] merge model-00110-of-00282.safetensors: 213 tensors
[111/282] merge model-00111-of-00282.safetensors: 213 tensors
[112/282] merge model-00112-of-00282.safetensors: 204 tensors
[113/282] merge model-00113-of-00282.safetensors: 213 tensors
[114/282] merge model-00114-of-00282.safetensors: 213 tensors
[115/282] merge model-00115-of-00282.safetensors: 213 tensors
[116/282] merge model-00116-of-00282.safetensors: 205 tensors
[117/282] merge model-00117-of-00282.safetensors: 213 tensors
[118/282] merge model-00118-of-00282.safetensors: 213 tensors
[119/282] merge model-00119-of-00282.safetensors: 206 tensors
[120/282] merge model-00120-of-00282.safetensors: 211 tensors
[121/282] merge model-00121-of-00282.safetensors: 213 tensors
[122/282] merge model-00122-of-00282.safetensors: 213 tensors
[123/282] merge model-00123-of-00282.safetensors: 205 tensors
[124/282] merge model-00124-of-00282.safetensors: 213 tensors
[125/282] merge model-00125-of-00282.safetensors: 213 tensors
[126/282] merge model-00126-of-00282.safetensors: 213 tensors
[127/282] merge model-00127-of-00282.safetensors: 205 tensors
[128/282] merge model-00128-of-00282.safetensors: 213 tensors
[129/282] merge model-00129-of-00282.safetensors: 213 tensors
[130/282] merge model-00130-of-00282.safetensors: 213 tensors
[131/282] merge model-00131-of-00282.safetensors: 204 tensors
[132/282] merge model-00132-of-00282.safetensors: 213 tensors
[133/282] merge model-00133-of-00282.safetensors: 213 tensors
[134/282] merge model-00134-of-00282.safetensors: 205 tensors
[135/282] merge model-00135-of-00282.safetensors: 213 tensors
[136/282] merge model-00136-of-00282.safetensors: 213 tensors
[137/282] merge model-00137-of-00282.safetensors: 213 tensors
[138/282] merge model-00138-of-00282.safetensors: 205 tensors
[139/282] merge model-00139-of-00282.safetensors: 213 tensors
[140/282] merge model-00140-of-00282.safetensors: 213 tensors
[141/282] merge model-00141-of-00282.safetensors: 213 tensors
[142/282] merge model-00142-of-00282.safetensors: 205 tensors
[143/282] merge model-00143-of-00282.safetensors: 213 tensors
[144/282] merge model-00144-of-00282.safetensors: 213 tensors
[145/282] merge model-00145-of-00282.safetensors: 204 tensors
[146/282] merge model-00146-of-00282.safetensors: 213 tensors
[147/282] merge model-00147-of-00282.safetensors: 213 tensors
[148/282] merge model-00148-of-00282.safetensors: 213 tensors
[149/282] merge model-00149-of-00282.safetensors: 205 tensors
[150/282] merge model-00150-of-00282.safetensors: 213 tensors
[151/282] merge model-00151-of-00282.safetensors: 213 tensors
[152/282] merge model-00152-of-00282.safetensors: 213 tensors
[153/282] merge model-00153-of-00282.safetensors: 205 tensors
[154/282] merge model-00154-of-00282.safetensors: 213 tensors
[155/282] merge model-00155-of-00282.safetensors: 213 tensors
[156/282] merge model-00156-of-00282.safetensors: 205 tensors
[157/282] merge model-00157-of-00282.safetensors: 213 tensors
[158/282] merge model-00158-of-00282.safetensors: 213 tensors
[159/282] merge model-00159-of-00282.safetensors: 213 tensors
[160/282] merge model-00160-of-00282.safetensors: 205 tensors
[161/282] merge model-00161-of-00282.safetensors: 213 tensors
[162/282] merge model-00162-of-00282.safetensors: 213 tensors
[163/282] merge model-00163-of-00282.safetensors: 213 tensors
[164/282] merge model-00164-of-00282.safetensors: 204 tensors
[165/282] merge model-00165-of-00282.safetensors: 213 tensors
[166/282] merge model-00166-of-00282.safetensors: 213 tensors
[167/282] merge model-00167-of-00282.safetensors: 205 tensors
[168/282] merge model-00168-of-00282.safetensors: 213 tensors
[169/282] merge model-00169-of-00282.safetensors: 213 tensors
[170/282] merge model-00170-of-00282.safetensors: 213 tensors
[171/282] merge model-00171-of-00282.safetensors: 205 tensors
[172/282] merge model-00172-of-00282.safetensors: 213 tensors
[173/282] merge model-00173-of-00282.safetensors: 213 tensors
[174/282] merge model-00174-of-00282.safetensors: 213 tensors
[175/282] merge model-00175-of-00282.safetensors: 205 tensors
[176/282] merge model-00176-of-00282.safetensors: 213 tensors
[177/282] merge model-00177-of-00282.safetensors: 213 tensors
[178/282] merge model-00178-of-00282.safetensors: 204 tensors
[179/282] merge model-00179-of-00282.safetensors: 213 tensors
[180/282] merge model-00180-of-00282.safetensors: 213 tensors
[181/282] merge model-00181-of-00282.safetensors: 213 tensors
[182/282] merge model-00182-of-00282.safetensors: 205 tensors
[183/282] merge model-00183-of-00282.safetensors: 213 tensors
[184/282] merge model-00184-of-00282.safetensors: 213 tensors
[185/282] merge model-00185-of-00282.safetensors: 213 tensors
[186/282] merge model-00186-of-00282.safetensors: 205 tensors
[187/282] merge model-00187-of-00282.safetensors: 213 tensors
[188/282] merge model-00188-of-00282.safetensors: 213 tensors
[189/282] merge model-00189-of-00282.safetensors: 205 tensors
[190/282] merge model-00190-of-00282.safetensors: 213 tensors
[191/282] merge model-00191-of-00282.safetensors: 213 tensors
[192/282] merge model-00192-of-00282.safetensors: 213 tensors
[193/282] merge model-00193-of-00282.safetensors: 204 tensors
[194/282] merge model-00194-of-00282.safetensors: 213 tensors
[195/282] merge model-00195-of-00282.safetensors: 213 tensors
[196/282] merge model-00196-of-00282.safetensors: 213 tensors
[197/282] merge model-00197-of-00282.safetensors: 205 tensors
[198/282] merge model-00198-of-00282.safetensors: 213 tensors
[199/282] merge model-00199-of-00282.safetensors: 213 tensors
[200/282] merge model-00200-of-00282.safetensors: 206 tensors
[201/282] merge model-00201-of-00282.safetensors: 211 tensors
[202/282] merge model-00202-of-00282.safetensors: 213 tensors
[203/282] merge model-00203-of-00282.safetensors: 213 tensors
[204/282] merge model-00204-of-00282.safetensors: 205 tensors
[205/282] merge model-00205-of-00282.safetensors: 213 tensors
[206/282] merge model-00206-of-00282.safetensors: 213 tensors
[207/282] merge model-00207-of-00282.safetensors: 213 tensors
[208/282] merge model-00208-of-00282.safetensors: 205 tensors
[209/282] merge model-00209-of-00282.safetensors: 213 tensors
[210/282] merge model-00210-of-00282.safetensors: 213 tensors
[211/282] merge model-00211-of-00282.safetensors: 213 tensors
[212/282] merge model-00212-of-00282.safetensors: 204 tensors
[213/282] merge model-00213-of-00282.safetensors: 213 tensors
[214/282] merge model-00214-of-00282.safetensors: 213 tensors
[215/282] merge model-00215-of-00282.safetensors: 205 tensors
[216/282] merge model-00216-of-00282.safetensors: 213 tensors
[217/282] merge model-00217-of-00282.safetensors: 213 tensors
[218/282] merge model-00218-of-00282.safetensors: 213 tensors
[219/282] merge model-00219-of-00282.safetensors: 205 tensors
[220/282] merge model-00220-of-00282.safetensors: 213 tensors
[221/282] merge model-00221-of-00282.safetensors: 213 tensors
[222/282] merge model-00222-of-00282.safetensors: 213 tensors
[223/282] merge model-00223-of-00282.safetensors: 205 tensors
[224/282] merge model-00224-of-00282.safetensors: 213 tensors
[225/282] merge model-00225-of-00282.safetensors: 213 tensors
[226/282] merge model-00226-of-00282.safetensors: 204 tensors
[227/282] merge model-00227-of-00282.safetensors: 213 tensors
[228/282] merge model-00228-of-00282.safetensors: 213 tensors
[229/282] merge model-00229-of-00282.safetensors: 213 tensors
[230/282] merge model-00230-of-00282.safetensors: 205 tensors
[231/282] merge model-00231-of-00282.safetensors: 213 tensors
[232/282] merge model-00232-of-00282.safetensors: 213 tensors
[233/282] merge model-00233-of-00282.safetensors: 213 tensors
[234/282] merge model-00234-of-00282.safetensors: 205 tensors
[235/282] merge model-00235-of-00282.safetensors: 213 tensors
[236/282] merge model-00236-of-00282.safetensors: 213 tensors
[237/282] merge model-00237-of-00282.safetensors: 205 tensors
[238/282] merge model-00238-of-00282.safetensors: 213 tensors
[239/282] merge model-00239-of-00282.safetensors: 213 tensors
[240/282] merge model-00240-of-00282.safetensors: 213 tensors
[241/282] merge model-00241-of-00282.safetensors: 205 tensors
[242/282] merge model-00242-of-00282.safetensors: 213 tensors
[243/282] merge model-00243-of-00282.safetensors: 213 tensors
[244/282] merge model-00244-of-00282.safetensors: 213 tensors
[245/282] merge model-00245-of-00282.safetensors: 204 tensors
[246/282] merge model-00246-of-00282.safetensors: 213 tensors
[247/282] merge model-00247-of-00282.safetensors: 213 tensors
[248/282] merge model-00248-of-00282.safetensors: 205 tensors
[249/282] merge model-00249-of-00282.safetensors: 213 tensors
[250/282] merge model-00250-of-00282.safetensors: 213 tensors
[251/282] merge model-00251-of-00282.safetensors: 213 tensors
[252/282] merge model-00252-of-00282.safetensors: 205 tensors
[253/282] merge model-00253-of-00282.safetensors: 213 tensors
[254/282] merge model-00254-of-00282.safetensors: 213 tensors
[255/282] merge model-00255-of-00282.safetensors: 213 tensors
[256/282] merge model-00256-of-00282.safetensors: 205 tensors
[257/282] merge model-00257-of-00282.safetensors: 213 tensors
[258/282] merge model-00258-of-00282.safetensors: 213 tensors
[259/282] merge model-00259-of-00282.safetensors: 204 tensors
[260/282] merge model-00260-of-00282.safetensors: 213 tensors
[261/282] merge model-00261-of-00282.safetensors: 213 tensors
[262/282] merge model-00262-of-00282.safetensors: 213 tensors
[263/282] merge model-00263-of-00282.safetensors: 205 tensors
[264/282] merge model-00264-of-00282.safetensors: 213 tensors
[265/282] merge model-00265-of-00282.safetensors: 213 tensors
[266/282] merge model-00266-of-00282.safetensors: 213 tensors
[267/282] merge model-00267-of-00282.safetensors: 205 tensors
[268/282] merge model-00268-of-00282.safetensors: 213 tensors
[269/282] merge model-00269-of-00282.safetensors: 213 tensors
[270/282] merge model-00270-of-00282.safetensors: 199 tensors
[271/282] copy unchanged model-00271-of-00282.safetensors
[272/282] copy unchanged model-00272-of-00282.safetensors
[273/282] copy unchanged model-00273-of-00282.safetensors
[274/282] merge model-00274-of-00282.safetensors: 67 tensors
[275/282] merge model-00275-of-00282.safetensors: 213 tensors
[276/282] merge model-00276-of-00282.safetensors: 213 tensors
[277/282] merge model-00277-of-00282.safetensors: 213 tensors
[278/282] merge model-00278-of-00282.safetensors: 205 tensors
[279/282] merge model-00279-of-00282.safetensors: 213 tensors
[280/282] merge model-00280-of-00282.safetensors: 213 tensors
[281/282] merge model-00281-of-00282.safetensors: 212 tensors
[282/282] merge model-00282-of-00282.safetensors: 3 tensors
Merge completed: /cpfs01/models/Macaron-V1-Venti-merged-L3
